小傅哥 bugstack 虫洞栈 
https://bugstack.cn/md/road-map/road-map.html#%E4%B8%89%E3%80%81%E5%85%A8%E8%B2%8C-%E8%B7%AF%E4%B9%A6%E5%9C%B0%E5%9B%BE
https://github.com/fuzhengwei
https://bugstack.cn/md/road-map/mvc2ddd.html



DotNet Core + Dapper 数据库连接池耗尽
https://blog.csdn.net/snlfq2000/article/details/104938031
https://www.cnblogs.com/zhaopei/p/dapper.html
https://www.jianshu.com/p/d430d593db2f
https://www.twblogs.net/a/5e719d4fbd9eee2117c76e16/?lang=zh-cn

https://jeecg3.mydoc.io/?t=286048


数据挖掘工具
https://www.knime.com/

pdf 签名
https://pdfix.net/
https://kb.itextpdf.com/home/it7kb/examples/digital-signing-with-itext
https://github.com/itext/i7js-signatures/tree/develop
https://franchi-rafael.medium.com/digital-signature-pkcs7-with-itext-2-1-7-part-1-ffc7e1f7b264
https://github.com/rfranchi/itext-basic-example/tree/master
https://pdfa.org/using-itext-7-and-aws-kms-to-digitally-sign-a-pdf-document/
https://viewbag.wordpress.com/2019/12/24/pdf-digital-signatures-itext7-bouncy-castle-net-core/

jupyter显示行数，列数配置
pd.options.display.max_rows=500
pd.options.display.max_columns=100

import matplotlib.pyplot as plt
import numpy as np
plt.show()
%matplotlib inline
plt.plot([1,2,3,4])





